#! /usr/bin/vvp
:ivl_version "10.3 (stable)";
:ivl_delay_selection "TYPICAL";
:vpi_time_precision + 0;
:vpi_module "system";
:vpi_module "vhdl_sys";
:vpi_module "v2005_math";
:vpi_module "va_math";
S_0x56095542f060 .scope module, "spi_initiator_smoke_tb" "spi_initiator_smoke_tb" 2 1;
 .timescale 0 0;
P_0x56095542f1e0 .param/l "TOTAL_WIDTH" 0 2 3, +C4<00000000000000000000000000001000>;
L_0x7fc8da7f6018 .functor BUFT 1, C4<0000>, C4<0>, C4<0>, C4<0>;
v0x560955488870_0 .net/2u *"_s2", 3 0, L_0x7fc8da7f6018;  1 drivers
v0x560955488970_0 .net *"_s4", 0 0, L_0x560955489940;  1 drivers
L_0x7fc8da7f6060 .functor BUFT 1, C4<1>, C4<0>, C4<0>, C4<0>;
v0x560955488a30_0 .net/2u *"_s6", 0 0, L_0x7fc8da7f6060;  1 drivers
v0x560955488af0_0 .var "clk_r", 0 0;
o0x7fc8da83f2b8 .functor BUFZ 4, C4<zzzz>; HiZ drive
v0x560955488b90_0 .net "csn", 3 0, o0x7fc8da83f2b8;  0 drivers
v0x560955488ca0_0 .var "csn_r", 3 0;
v0x560955488d80_0 .var "dat_in_r", 7 0;
v0x560955488e60_0 .var "dat_out_r", 7 0;
v0x560955488f40_0 .var "dat_out_v", 7 0;
v0x560955489020_0 .var "data", 7 0;
v0x560955489100_0 .var "flag", 0 0;
v0x5609554891c0_0 .var "recv_count", 7 0;
v0x5609554892a0_0 .var "recv_state", 0 0;
v0x560955489360_0 .net "sck", 0 0, L_0x560955489a90;  1 drivers
v0x560955489400_0 .net "sdi", 0 0, L_0x56095542f560;  1 drivers
v0x5609554894d0_0 .var "sdo", 0 0;
v0x5609554895a0_0 .net "sel", 0 0, L_0x560955489870;  1 drivers
v0x560955489670_0 .var "xmit_count", 7 0;
v0x560955489710_0 .var "xmit_en", 3 0;
v0x5609554897b0_0 .var "xmit_state", 0 0;
E_0x560955470b30 .event negedge, v0x560955488480_0;
E_0x560955470910 .event posedge, v0x560955489100_0;
L_0x560955489870 .part o0x7fc8da83f2b8, 0, 1;
L_0x560955489940 .cmp/ne 4, v0x560955489710_0, L_0x7fc8da7f6018;
L_0x560955489a90 .functor MUXZ 1, L_0x7fc8da7f6060, v0x560955488af0_0, L_0x560955489940, C4<>;
S_0x56095542f2a0 .scope module, "target" "SPI_Slave" 2 28, 3 1 0, S_0x56095542f060;
 .timescale 0 0;
    .port_info 0 /INPUT 1 "clk"
    .port_info 1 /INPUT 1 "SCK"
    .port_info 2 /INPUT 1 "SSEL"
    .port_info 3 /INPUT 1 "MOSI"
    .port_info 4 /OUTPUT 1 "MISO"
L_0x56095542f560 .functor BUFZ 1, v0x5609554894d0_0, C4<0>, C4<0>, C4<0>;
v0x5609554571d0_0 .net "MISO", 0 0, L_0x56095542f560;  alias, 1 drivers
v0x56095545a0f0_0 .net "MOSI", 0 0, v0x5609554894d0_0;  1 drivers
v0x560955488480_0 .net "SCK", 0 0, L_0x560955489a90;  alias, 1 drivers
v0x560955488520_0 .net "SSEL", 0 0, L_0x560955489870;  alias, 1 drivers
v0x5609554885e0_0 .net "clk", 0 0, v0x560955488af0_0;  1 drivers
v0x5609554886f0_0 .var "mem", 7 0;
E_0x560955470a20 .event posedge, v0x560955488480_0;
    .scope S_0x56095542f2a0;
T_0 ;
    %wait E_0x560955470a20;
    %load/vec4 v0x560955488520_0;
    %flag_set/vec4 8;
    %jmp/0xz  T_0.0, 8;
    %load/vec4 v0x5609554886f0_0;
    %pad/u 32;
    %cmpi/e 255, 0, 32;
    %jmp/0xz  T_0.2, 4;
    %pushi/vec4 0, 0, 8;
    %assign/vec4 v0x5609554886f0_0, 0;
    %jmp T_0.3;
T_0.2 ;
    %load/vec4 v0x5609554886f0_0;
    %addi 1, 0, 8;
    %assign/vec4 v0x5609554886f0_0, 0;
T_0.3 ;
T_0.0 ;
    %jmp T_0;
    .thread T_0;
    .scope S_0x56095542f060;
T_1 ;
    %pushi/vec4 0, 0, 1;
    %store/vec4 v0x560955488af0_0, 0, 1;
    %pushi/vec4 0, 0, 1;
    %store/vec4 v0x560955489100_0, 0, 1;
    %pushi/vec4 14, 0, 4;
    %store/vec4 v0x560955488ca0_0, 0, 4;
    %pushi/vec4 0, 0, 8;
    %store/vec4 v0x560955488d80_0, 0, 8;
    %pushi/vec4 0, 0, 4;
    %store/vec4 v0x560955489710_0, 0, 4;
    %pushi/vec4 0, 0, 1;
    %store/vec4 v0x5609554897b0_0, 0, 1;
    %pushi/vec4 0, 0, 8;
    %store/vec4 v0x560955489670_0, 0, 8;
    %pushi/vec4 0, 0, 1;
    %store/vec4 v0x5609554892a0_0, 0, 1;
    %pushi/vec4 0, 0, 8;
    %store/vec4 v0x5609554891c0_0, 0, 8;
    %end;
    .thread T_1;
    .scope S_0x56095542f060;
T_2 ;
    %delay 10, 0;
    %load/vec4 v0x560955488af0_0;
    %inv;
    %assign/vec4 v0x560955488af0_0, 0;
    %jmp T_2;
    .thread T_2;
    .scope S_0x56095542f060;
T_3 ;
    %pushi/vec4 1000000, 0, 32;
T_3.0 %dup/vec4;
    %pushi/vec4 0, 0, 32;
    %cmp/s;
    %jmp/1xz T_3.1, 5;
    %jmp/1 T_3.1, 4;
    %pushi/vec4 1, 0, 32;
    %sub;
    %vpi_func 2 42 "$urandom_range" 32, 32'sb00000000000000000000000000000000, 32'sb00000000000000000000000011111111 {0 0 0};
    %pad/u 8;
    %store/vec4 v0x560955489020_0, 0, 8;
    %load/vec4 v0x560955489710_0;
    %addi 1, 0, 4;
    %store/vec4 v0x560955489710_0, 0, 4;
    %load/vec4 v0x560955489020_0;
    %store/vec4 v0x560955488f40_0, 0, 8;
    %wait E_0x560955470910;
    %pushi/vec4 0, 0, 1;
    %store/vec4 v0x560955489100_0, 0, 1;
T_3.2 ;
    %load/vec4 v0x560955489020_0;
    %load/vec4 v0x560955488d80_0;
    %cmp/ne;
    %jmp/0xz T_3.3, 4;
    %wait E_0x560955470b30;
    %vpi_call 2 51 "$display", "%d != %d", v0x560955489020_0, v0x560955488d80_0 {0 0 0};
    %jmp T_3.2;
T_3.3 ;
    %jmp T_3.0;
T_3.1 ;
    %pop/vec4 1;
    %vpi_call 2 59 "$stop" {0 0 0};
    %end;
    .thread T_3;
    .scope S_0x56095542f060;
T_4 ;
    %wait E_0x560955470b30;
    %load/vec4 v0x5609554897b0_0;
    %flag_set/vec4 8;
    %jmp/0 T_4.0, 8;
    %load/vec4 v0x560955488e60_0;
    %parti/s 1, 7, 4;
    %jmp/1 T_4.1, 8;
T_4.0 ; End of true expr.
    %load/vec4 v0x560955488f40_0;
    %parti/s 1, 7, 4;
    %jmp/0 T_4.1, 8;
 ; End of false expr.
    %blend;
T_4.1;
    %assign/vec4 v0x5609554894d0_0, 0;
    %load/vec4 v0x5609554897b0_0;
    %dup/vec4;
    %pushi/vec4 0, 0, 1;
    %cmp/u;
    %jmp/1 T_4.2, 6;
    %dup/vec4;
    %pushi/vec4 1, 0, 1;
    %cmp/u;
    %jmp/1 T_4.3, 6;
    %jmp T_4.4;
T_4.2 ;
    %load/vec4 v0x560955488f40_0;
    %parti/s 7, 0, 2;
    %concati/vec4 0, 0, 1;
    %assign/vec4 v0x560955488e60_0, 0;
    %pushi/vec4 1, 0, 1;
    %assign/vec4 v0x5609554897b0_0, 0;
    %pushi/vec4 1, 0, 8;
    %assign/vec4 v0x560955489670_0, 0;
    %jmp T_4.4;
T_4.3 ;
    %load/vec4 v0x560955488e60_0;
    %parti/s 7, 0, 2;
    %concati/vec4 0, 0, 1;
    %assign/vec4 v0x560955488e60_0, 0;
    %load/vec4 v0x560955489670_0;
    %pad/u 32;
    %cmpi/e 7, 0, 32;
    %jmp/0xz  T_4.5, 4;
    %pushi/vec4 0, 0, 1;
    %assign/vec4 v0x5609554897b0_0, 0;
    %jmp T_4.6;
T_4.5 ;
    %load/vec4 v0x560955489670_0;
    %addi 1, 0, 8;
    %assign/vec4 v0x560955489670_0, 0;
T_4.6 ;
    %jmp T_4.4;
T_4.4 ;
    %pop/vec4 1;
    %jmp T_4;
    .thread T_4;
    .scope S_0x56095542f060;
T_5 ;
    %wait E_0x560955470a20;
    %load/vec4 v0x560955488d80_0;
    %parti/s 7, 0, 2;
    %load/vec4 v0x560955489400_0;
    %concat/vec4; draw_concat_vec4
    %assign/vec4 v0x560955488d80_0, 0;
    %load/vec4 v0x5609554892a0_0;
    %dup/vec4;
    %pushi/vec4 0, 0, 1;
    %cmp/u;
    %jmp/1 T_5.0, 6;
    %dup/vec4;
    %pushi/vec4 1, 0, 1;
    %cmp/u;
    %jmp/1 T_5.1, 6;
    %jmp T_5.2;
T_5.0 ;
    %load/vec4 v0x560955489710_0;
    %cmpi/ne 0, 0, 4;
    %jmp/0xz  T_5.3, 4;
    %pushi/vec4 1, 0, 8;
    %assign/vec4 v0x5609554891c0_0, 0;
    %pushi/vec4 1, 0, 1;
    %assign/vec4 v0x5609554892a0_0, 0;
T_5.3 ;
    %jmp T_5.2;
T_5.1 ;
    %load/vec4 v0x5609554891c0_0;
    %pad/u 32;
    %cmpi/e 7, 0, 32;
    %jmp/0xz  T_5.5, 4;
    %load/vec4 v0x560955489710_0;
    %subi 1, 0, 4;
    %store/vec4 v0x560955489710_0, 0, 4;
    %pushi/vec4 1, 0, 1;
    %assign/vec4 v0x560955489100_0, 0;
    %pushi/vec4 0, 0, 8;
    %assign/vec4 v0x5609554891c0_0, 0;
    %jmp T_5.6;
T_5.5 ;
    %load/vec4 v0x5609554891c0_0;
    %addi 1, 0, 8;
    %assign/vec4 v0x5609554891c0_0, 0;
T_5.6 ;
    %jmp T_5.2;
T_5.2 ;
    %pop/vec4 1;
    %jmp T_5;
    .thread T_5;
    .scope S_0x56095542f060;
T_6 ;
    %vpi_call 2 117 "$dumpfile", "waveform.vcd" {0 0 0};
    %vpi_call 2 118 "$dumpvars" {0 0 0};
    %end;
    .thread T_6;
# The file index is used to find the file name in the following table.
:file_names 4;
    "N/A";
    "<interactive>";
    "./spi_initiator_smoke_tb.sv";
    "./SPI_Slave.v";
