#! /usr/bin/vvp
:ivl_version "10.3 (stable)";
:ivl_delay_selection "TYPICAL";
:vpi_time_precision + 0;
:vpi_module "system";
:vpi_module "vhdl_sys";
:vpi_module "v2005_math";
:vpi_module "va_math";
S_0x5653b706c670 .scope module, "spi_initiator_smoke_tb" "spi_initiator_smoke_tb" 2 1;
 .timescale 0 0;
v0x5653b70969a0_0 .var "clk_r", 0 0;
v0x5653b7096a60_0 .net "csn", 3 0, L_0x5653b7097820;  1 drivers
v0x5653b7096b20_0 .var "data", 7 0;
v0x5653b7096bc0_0 .var "data_recv", 7 0;
v0x5653b7096ca0_0 .net "sck", 0 0, L_0x5653b70974d0;  1 drivers
v0x5653b7096de0_0 .net "sdi", 0 0, L_0x5653b705baf0;  1 drivers
v0x5653b7096ed0_0 .net "sdo", 0 0, v0x5653b70965c0_0;  1 drivers
v0x5653b7096fc0_0 .net "sel", 0 0, L_0x5653b7097060;  1 drivers
L_0x5653b7097060 .part L_0x5653b7097820, 0, 1;
S_0x5653b706c7f0 .scope module, "target" "SPI_Slave" 2 25, 2 68 0, S_0x5653b706c670;
 .timescale 0 0;
    .port_info 0 /INPUT 1 "clk"
    .port_info 1 /INPUT 1 "SCK"
    .port_info 2 /INPUT 1 "SSEL"
    .port_info 3 /INPUT 1 "MOSI"
    .port_info 4 /OUTPUT 1 "MISO"
L_0x5653b705baf0 .functor BUFZ 1, v0x5653b70965c0_0, C4<0>, C4<0>, C4<0>;
v0x5653b70608d0_0 .net "MISO", 0 0, L_0x5653b705baf0;  alias, 1 drivers
v0x5653b7060e30_0 .net "MOSI", 0 0, v0x5653b70965c0_0;  alias, 1 drivers
v0x5653b705e660_0 .net "SCK", 0 0, L_0x5653b70974d0;  alias, 1 drivers
v0x5653b70946d0_0 .net "SSEL", 0 0, L_0x5653b7097060;  alias, 1 drivers
v0x5653b7094790_0 .net "clk", 0 0, v0x5653b70969a0_0;  1 drivers
v0x5653b70948a0_0 .var "mem", 7 0;
E_0x5653b706ad90 .event posedge, v0x5653b705e660_0;
S_0x5653b7094a20 .scope module, "u_bfm" "spi_initiator_bfm" 2 17, 3 1 0, S_0x5653b706c670;
 .timescale 0 0;
    .port_info 0 /INPUT 1 "clk"
    .port_info 1 /OUTPUT 1 "sck"
    .port_info 2 /OUTPUT 1 "sdo"
    .port_info 3 /INPUT 1 "sdi"
    .port_info 4 /OUTPUT 4 "csn"
P_0x5653b7075480 .param/l "DAT_WIDTH" 0 3 2, +C4<00000000000000000000000000001000>;
P_0x5653b70754c0 .param/l "TOTAL_WIDTH" 0 3 3, +C4<00000000000000000000000000100000>;
L_0x7fd91150d018 .functor BUFT 1, C4<00000000>, C4<0>, C4<0>, C4<0>;
v0x5653b70952b0_0 .net/2u *"_s0", 7 0, L_0x7fd91150d018;  1 drivers
L_0x7fd91150d0a8 .functor BUFT 1, C4<1>, C4<0>, C4<0>, C4<0>;
v0x5653b70953b0_0 .net/2u *"_s10", 0 0, L_0x7fd91150d0a8;  1 drivers
L_0x7fd91150d0f0 .functor BUFT 1, C4<0000>, C4<0>, C4<0>, C4<0>;
v0x5653b7095490_0 .net/2u *"_s14", 3 0, L_0x7fd91150d0f0;  1 drivers
v0x5653b7095550_0 .net *"_s16", 0 0, L_0x5653b7097690;  1 drivers
L_0x7fd91150d138 .functor BUFT 1, C4<1111>, C4<0>, C4<0>, C4<0>;
v0x5653b7095610_0 .net/2u *"_s18", 3 0, L_0x7fd91150d138;  1 drivers
v0x5653b7095740_0 .net *"_s2", 0 0, L_0x5653b70971a0;  1 drivers
L_0x7fd91150d060 .functor BUFT 1, C4<0000>, C4<0>, C4<0>, C4<0>;
v0x5653b7095800_0 .net/2u *"_s6", 3 0, L_0x7fd91150d060;  1 drivers
v0x5653b70958e0_0 .net *"_s8", 0 0, L_0x5653b7097380;  1 drivers
v0x5653b70959a0_0 .net "clk", 0 0, v0x5653b70969a0_0;  alias, 1 drivers
v0x5653b7095a40_0 .net "csn", 3 0, L_0x5653b7097820;  alias, 1 drivers
v0x5653b7095b00_0 .var "csn_r", 3 0;
v0x5653b7095be0_0 .var "dat_in_r", 31 0;
v0x5653b7095cc0_0 .var "dat_out_r", 31 0;
v0x5653b7095da0_0 .var "dat_out_v", 31 0;
v0x5653b7095e80_0 .var "data_out", 7 0;
v0x5653b7095f60_0 .var "recv_count", 7 0;
v0x5653b7096040_0 .var "recv_state", 0 0;
v0x5653b7096100_0 .net "sck", 0 0, L_0x5653b70974d0;  alias, 1 drivers
v0x5653b70961d0_0 .var "sck_div", 7 0;
v0x5653b7096290_0 .var "sck_div_cnt", 7 0;
v0x5653b7096370_0 .net "sck_i", 0 0, L_0x5653b7097290;  1 drivers
v0x5653b7096430_0 .var "sck_r", 0 0;
v0x5653b70964f0_0 .net "sdi", 0 0, L_0x5653b705baf0;  alias, 1 drivers
v0x5653b70965c0_0 .var "sdo", 0 0;
v0x5653b7096690_0 .var "xmit_count", 7 0;
v0x5653b7096730_0 .var "xmit_en", 3 0;
v0x5653b7096810_0 .var "xmit_state", 0 0;
E_0x5653b706ac80 .event negedge, v0x5653b705e660_0;
E_0x5653b706aa60 .event posedge, v0x5653b7094790_0;
L_0x5653b70971a0 .cmp/ne 8, v0x5653b70961d0_0, L_0x7fd91150d018;
L_0x5653b7097290 .functor MUXZ 1, v0x5653b70969a0_0, v0x5653b7096430_0, L_0x5653b70971a0, C4<>;
L_0x5653b7097380 .cmp/ne 4, v0x5653b7096730_0, L_0x7fd91150d060;
L_0x5653b70974d0 .functor MUXZ 1, L_0x7fd91150d0a8, L_0x5653b7097290, L_0x5653b7097380, C4<>;
L_0x5653b7097690 .cmp/ne 4, v0x5653b7096730_0, L_0x7fd91150d0f0;
L_0x5653b7097820 .functor MUXZ 4, L_0x7fd91150d138, v0x5653b7095b00_0, L_0x5653b7097690, C4<>;
S_0x5653b7094cf0 .scope task, "recv" "recv" 3 97, 3 97 0, S_0x5653b7094a20;
 .timescale 0 0;
v0x5653b7094ee0_0 .var "data", 63 0;
TD_spi_initiator_smoke_tb.u_bfm.recv ;
    %load/vec4 v0x5653b7095e80_0;
    %pad/u 64;
    %store/vec4 v0x5653b7094ee0_0, 0, 64;
    %end;
S_0x5653b7094fe0 .scope task, "send" "send" 3 89, 3 89 0, S_0x5653b7094a20;
 .timescale 0 0;
v0x5653b70951d0_0 .var "data", 63 0;
TD_spi_initiator_smoke_tb.u_bfm.send ;
    %load/vec4 v0x5653b7096730_0;
    %addi 1, 0, 4;
    %store/vec4 v0x5653b7096730_0, 0, 4;
    %load/vec4 v0x5653b70951d0_0;
    %parti/s 32, 0, 2;
    %store/vec4 v0x5653b7095da0_0, 0, 32;
    %end;
    .scope S_0x5653b7094a20;
T_2 ;
    %pushi/vec4 14, 0, 4;
    %store/vec4 v0x5653b7095b00_0, 0, 4;
    %pushi/vec4 0, 0, 4;
    %store/vec4 v0x5653b7096730_0, 0, 4;
    %pushi/vec4 0, 0, 8;
    %store/vec4 v0x5653b70961d0_0, 0, 8;
    %pushi/vec4 0, 0, 8;
    %store/vec4 v0x5653b7096290_0, 0, 8;
    %pushi/vec4 0, 0, 1;
    %store/vec4 v0x5653b7096430_0, 0, 1;
    %pushi/vec4 0, 0, 1;
    %store/vec4 v0x5653b7096810_0, 0, 1;
    %pushi/vec4 0, 0, 8;
    %store/vec4 v0x5653b7096690_0, 0, 8;
    %pushi/vec4 0, 0, 1;
    %store/vec4 v0x5653b7096040_0, 0, 1;
    %pushi/vec4 0, 0, 8;
    %store/vec4 v0x5653b7095f60_0, 0, 8;
    %pushi/vec4 0, 0, 8;
    %store/vec4 v0x5653b7095e80_0, 0, 8;
    %end;
    .thread T_2;
    .scope S_0x5653b7094a20;
T_3 ;
    %wait E_0x5653b706aa60;
    %load/vec4 v0x5653b70961d0_0;
    %load/vec4 v0x5653b7096290_0;
    %cmp/e;
    %jmp/0xz  T_3.0, 4;
    %load/vec4 v0x5653b7096430_0;
    %inv;
    %assign/vec4 v0x5653b7096430_0, 0;
    %pushi/vec4 0, 0, 8;
    %assign/vec4 v0x5653b7096290_0, 0;
    %jmp T_3.1;
T_3.0 ;
    %load/vec4 v0x5653b7096290_0;
    %addi 1, 0, 8;
    %assign/vec4 v0x5653b7096290_0, 0;
T_3.1 ;
    %jmp T_3;
    .thread T_3;
    .scope S_0x5653b7094a20;
T_4 ;
    %wait E_0x5653b706ac80;
    %load/vec4 v0x5653b7096810_0;
    %flag_set/vec4 8;
    %jmp/0 T_4.0, 8;
    %load/vec4 v0x5653b7095cc0_0;
    %parti/s 1, 31, 6;
    %jmp/1 T_4.1, 8;
T_4.0 ; End of true expr.
    %load/vec4 v0x5653b7095da0_0;
    %parti/s 1, 31, 6;
    %jmp/0 T_4.1, 8;
 ; End of false expr.
    %blend;
T_4.1;
    %assign/vec4 v0x5653b70965c0_0, 0;
    %load/vec4 v0x5653b7096810_0;
    %dup/vec4;
    %pushi/vec4 0, 0, 1;
    %cmp/u;
    %jmp/1 T_4.2, 6;
    %dup/vec4;
    %pushi/vec4 1, 0, 1;
    %cmp/u;
    %jmp/1 T_4.3, 6;
    %jmp T_4.4;
T_4.2 ;
    %load/vec4 v0x5653b7095da0_0;
    %parti/s 31, 0, 2;
    %concati/vec4 0, 0, 1;
    %assign/vec4 v0x5653b7095cc0_0, 0;
    %pushi/vec4 1, 0, 1;
    %assign/vec4 v0x5653b7096810_0, 0;
    %pushi/vec4 1, 0, 8;
    %assign/vec4 v0x5653b7096690_0, 0;
    %jmp T_4.4;
T_4.3 ;
    %load/vec4 v0x5653b7095cc0_0;
    %parti/s 31, 0, 2;
    %concati/vec4 0, 0, 1;
    %assign/vec4 v0x5653b7095cc0_0, 0;
    %load/vec4 v0x5653b7096690_0;
    %pad/u 32;
    %cmpi/e 31, 0, 32;
    %jmp/0xz  T_4.5, 4;
    %pushi/vec4 0, 0, 1;
    %assign/vec4 v0x5653b7096810_0, 0;
    %jmp T_4.6;
T_4.5 ;
    %load/vec4 v0x5653b7096690_0;
    %addi 1, 0, 8;
    %assign/vec4 v0x5653b7096690_0, 0;
T_4.6 ;
    %jmp T_4.4;
T_4.4 ;
    %pop/vec4 1;
    %jmp T_4;
    .thread T_4;
    .scope S_0x5653b7094a20;
T_5 ;
    %wait E_0x5653b706ad90;
    %load/vec4 v0x5653b7095be0_0;
    %parti/s 31, 0, 2;
    %load/vec4 v0x5653b70964f0_0;
    %concat/vec4; draw_concat_vec4
    %assign/vec4 v0x5653b7095be0_0, 0;
    %load/vec4 v0x5653b7096040_0;
    %dup/vec4;
    %pushi/vec4 0, 0, 1;
    %cmp/u;
    %jmp/1 T_5.0, 6;
    %dup/vec4;
    %pushi/vec4 1, 0, 1;
    %cmp/u;
    %jmp/1 T_5.1, 6;
    %jmp T_5.2;
T_5.0 ;
    %load/vec4 v0x5653b7096730_0;
    %cmpi/ne 0, 0, 4;
    %jmp/0xz  T_5.3, 4;
    %pushi/vec4 1, 0, 8;
    %assign/vec4 v0x5653b7095f60_0, 0;
    %pushi/vec4 1, 0, 1;
    %assign/vec4 v0x5653b7096040_0, 0;
T_5.3 ;
    %jmp T_5.2;
T_5.1 ;
    %load/vec4 v0x5653b7095f60_0;
    %pad/u 32;
    %cmpi/e 31, 0, 32;
    %jmp/0xz  T_5.5, 4;
    %load/vec4 v0x5653b7096730_0;
    %subi 1, 0, 4;
    %store/vec4 v0x5653b7096730_0, 0, 4;
    %load/vec4 v0x5653b7095be0_0;
    %parti/s 7, 0, 2;
    %load/vec4 v0x5653b70964f0_0;
    %concat/vec4; draw_concat_vec4
    %store/vec4 v0x5653b7095e80_0, 0, 8;
    %pushi/vec4 0, 0, 8;
    %assign/vec4 v0x5653b7095f60_0, 0;
    %jmp T_5.6;
T_5.5 ;
    %load/vec4 v0x5653b7095f60_0;
    %addi 1, 0, 8;
    %assign/vec4 v0x5653b7095f60_0, 0;
T_5.6 ;
    %jmp T_5.2;
T_5.2 ;
    %pop/vec4 1;
    %jmp T_5;
    .thread T_5;
    .scope S_0x5653b706c7f0;
T_6 ;
    %wait E_0x5653b706ad90;
    %load/vec4 v0x5653b70946d0_0;
    %flag_set/vec4 8;
    %jmp/0xz  T_6.0, 8;
    %load/vec4 v0x5653b70948a0_0;
    %pad/u 32;
    %cmpi/e 255, 0, 32;
    %jmp/0xz  T_6.2, 4;
    %pushi/vec4 0, 0, 8;
    %assign/vec4 v0x5653b70948a0_0, 0;
    %jmp T_6.3;
T_6.2 ;
    %load/vec4 v0x5653b70948a0_0;
    %addi 1, 0, 8;
    %assign/vec4 v0x5653b70948a0_0, 0;
T_6.3 ;
T_6.0 ;
    %jmp T_6;
    .thread T_6;
    .scope S_0x5653b706c670;
T_7 ;
    %pushi/vec4 0, 0, 1;
    %store/vec4 v0x5653b70969a0_0, 0, 1;
    %end;
    .thread T_7;
    .scope S_0x5653b706c670;
T_8 ;
    %delay 10, 0;
    %load/vec4 v0x5653b70969a0_0;
    %inv;
    %assign/vec4 v0x5653b70969a0_0, 0;
    %jmp T_8;
    .thread T_8;
    .scope S_0x5653b706c670;
T_9 ;
    %pushi/vec4 100000, 0, 32;
T_9.0 %dup/vec4;
    %pushi/vec4 0, 0, 32;
    %cmp/s;
    %jmp/1xz T_9.1, 5;
    %jmp/1 T_9.1, 4;
    %pushi/vec4 1, 0, 32;
    %sub;
    %vpi_func 2 39 "$urandom_range" 32, 32'sb00000000000000000000000000000000, 32'sb00000000000000000000000011111111 {0 0 0};
    %pad/u 8;
    %store/vec4 v0x5653b7096b20_0, 0, 8;
    %load/vec4 v0x5653b7096b20_0;
    %pad/u 64;
    %store/vec4 v0x5653b70951d0_0, 0, 64;
    %fork TD_spi_initiator_smoke_tb.u_bfm.send, S_0x5653b7094fe0;
    %join;
    %pushi/vec4 8, 0, 32;
T_9.2 %dup/vec4;
    %pushi/vec4 0, 0, 32;
    %cmp/s;
    %jmp/1xz T_9.3, 5;
    %jmp/1 T_9.3, 4;
    %pushi/vec4 1, 0, 32;
    %sub;
    %wait E_0x5653b706aa60;
    %jmp T_9.2;
T_9.3 ;
    %pop/vec4 1;
    %fork TD_spi_initiator_smoke_tb.u_bfm.recv, S_0x5653b7094cf0;
    %join;
    %load/vec4 v0x5653b7094ee0_0;
    %pad/u 8;
    %store/vec4 v0x5653b7096bc0_0, 0, 8;
T_9.4 ;
    %load/vec4 v0x5653b7096b20_0;
    %load/vec4 v0x5653b7096bc0_0;
    %cmp/ne;
    %jmp/0xz T_9.5, 4;
    %pushi/vec4 8, 0, 32;
T_9.6 %dup/vec4;
    %pushi/vec4 0, 0, 32;
    %cmp/s;
    %jmp/1xz T_9.7, 5;
    %jmp/1 T_9.7, 4;
    %pushi/vec4 1, 0, 32;
    %sub;
    %wait E_0x5653b706aa60;
    %jmp T_9.6;
T_9.7 ;
    %pop/vec4 1;
    %fork TD_spi_initiator_smoke_tb.u_bfm.recv, S_0x5653b7094cf0;
    %join;
    %load/vec4 v0x5653b7094ee0_0;
    %pad/u 8;
    %store/vec4 v0x5653b7096bc0_0, 0, 8;
    %jmp T_9.4;
T_9.5 ;
    %jmp T_9.0;
T_9.1 ;
    %pop/vec4 1;
    %vpi_call 2 56 "$stop" {0 0 0};
    %end;
    .thread T_9;
    .scope S_0x5653b706c670;
T_10 ;
    %vpi_call 2 62 "$dumpfile", "waveform.vcd" {0 0 0};
    %vpi_call 2 63 "$dumpvars" {0 0 0};
    %end;
    .thread T_10;
# The file index is used to find the file name in the following table.
:file_names 4;
    "N/A";
    "<interactive>";
    "./spi_initiator_smoke_tb.sv";
    "./spi_initiator_bfm.v";
